
> aakar-interiors@0.1.0 build
> next build

  Γû▓ Next.js 15.0.0-rc.1

   Creating an optimized production build ...
/*! ≡ƒî╝ daisyUI  */
node.exe : Error: 
Cannot apply unknown 
utility class 
`gradient-text`
At line:1 char:1
+ & "C:\Program Files
\nodejs/node.exe" 
"C:\Program 
Files\nodejs/node_mo 
...
+ ~~~~~~~~~~~~~~~~~~~
~~~~~~~~~~~~~~~~~~~~~
~~~~~~~~~~~~~~~~~~~~~
~~~~~~~~
    + CategoryInfo   
           : NotSpe  
  cified: (Error:    
 Cannot a...`grad    
ient-text`:Strin    
g) [], RemoteExc    
eption
    + FullyQualified 
   ErrorId : Native  
  CommandError
 
    at 
onInvalidCandidate 
(C:\Users\Sapt Dubey\
Documents\GitHub\IIS0
04\node_modules\@tail
windcss\node\node_mod
ules\tailwindcss\dist
\lib.js:21:1511)
    at Te 
(C:\Users\Sapt Dubey\
Documents\GitHub\IIS0
04\node_modules\@tail
windcss\node\node_mod
ules\tailwindcss\dist
\lib.js:16:36326)
    at C:\Users\Sapt 
Dubey\Documents\GitHu
b\IIS004\node_modules
\@tailwindcss\node\no
de_modules\tailwindcs
s\dist\lib.js:21:355
    at Rr 
(C:\Users\Sapt Dubey\
Documents\GitHub\IIS0
04\node_modules\@tail
windcss\node\node_mod
ules\tailwindcss\dist
\lib.js:3:1718)
    at _ 
(C:\Users\Sapt Dubey\
Documents\GitHub\IIS0
04\node_modules\@tail
windcss\node\node_mod
ules\tailwindcss\dist
\lib.js:3:1377)
    at $e 
(C:\Users\Sapt Dubey\
Documents\GitHub\IIS0
04\node_modules\@tail
windcss\node\node_mod
ules\tailwindcss\dist
\lib.js:21:172)
    at un 
(C:\Users\Sapt Dubey\
Documents\GitHub\IIS0
04\node_modules\@tail
windcss\node\node_mod
ules\tailwindcss\dist
\lib.js:38:294)
    at async cn 
(C:\Users\Sapt Dubey\
Documents\GitHub\IIS0
04\node_modules\@tail
windcss\node\node_mod
ules\tailwindcss\dist
\lib.js:38:631)
    at async Xr 
(C:\Users\Sapt Dubey\
Documents\GitHub\IIS0
04\node_modules\@tail
windcss\node\dist\ind
ex.js:10:3417)
    at async I 
(C:\Users\Sapt Dubey\
Documents\GitHub\IIS0
04\node_modules\@tail
windcss\postcss\dist\
index.js:10:3977)
<w> [webpack.cache.Pa
ckFileCacheStrategy] 
Skipped not 
serializable cache 
item 'Compilation/mod
ules|C:\Users\Sapt Du
bey\Documents\GitHub\
IIS004\node_modules\n
ext\dist\build\webpac
k\loaders\css-loader\
src\index.js??ruleSet
[1].rules[13].oneOf[1
0].use[2]!C:\Users\Sa
pt Dubey\Documents\Gi
tHub\IIS004\node_modu
les\next\dist\build\w
ebpack\loaders\postcs
s-loader\src\index.js
??ruleSet[1].rules[13
].oneOf[10].use[3]!C:
\Users\Sapt Dubey\Doc
uments\GitHub\IIS004\
app\globals.css': No 
serializer 
registered for 
PostCSSSyntaxError
<w> while 
serializing webpack/l
ib/cache/PackFileCach
eStrategy.PackContent
Items -> webpack/lib/
NormalModule -> webpa
ck/lib/ModuleBuildErr
or -> 
PostCSSSyntaxError
Failed to compile.

./app/globals.css:1:1
Syntax error: 
tailwindcss: 
C:\Users\Sapt Dubey\D
ocuments\GitHub\IIS00
4\app\globals.css 
Cannot apply unknown 
utility class 
`gradient-text`

[1m[31m>[39m[22m
[90m 1 | [39m[36m@i
mport[39m [32m"tail
windcss"[39m[33m;[
39m
 [90m   | [39m[1m
[31m^[39m[22m
 [90m 2 | [39m
 [90m 3 | [39m[36m
@plugin[39m 
[32m"daisyui"[39m 
[33m{[39m

./app/globals.css
Syntax error: 
tailwindcss: 
C:\Users\Sapt Dubey\D
ocuments\GitHub\IIS00
4\app\globals.css 
Cannot apply unknown 
utility class 
`gradient-text` (1:1)

[1m[31m>[39m[22m
[90m 1 | [39m[36m@i
mport[39m [32m"tail
windcss"[39m[33m;[
39m
 [90m   | [39m[1m
[31m^[39m[22m
 [90m 2 | [39m
 [90m 3 | [39m[36m
@plugin[39m 
[32m"daisyui"[39m 
[33m{[39m

    at 
tryRunOrWebpackError 
(C:\Users\Sapt Dubey\
Documents\GitHub\IIS0
04\node_modules\next\
dist\compiled\webpack
\bundle5.js:28:313010
)
    at __webpack_requ
ire_module__ 
(C:\Users\Sapt Dubey\
Documents\GitHub\IIS0
04\node_modules\next\
dist\compiled\webpack
\bundle5.js:28:131165
)
    at __nested_webpa
ck_require_153728__ 
(C:\Users\Sapt Dubey\
Documents\GitHub\IIS0
04\node_modules\next\
dist\compiled\webpack
\bundle5.js:28:130607
)
    at C:\Users\Sapt 
Dubey\Documents\GitHu
b\IIS004\node_modules
\next\dist\compiled\w
ebpack\bundle5.js:28:
131454
    at 
symbolIterator 
(C:\Users\Sapt Dubey\
Documents\GitHub\IIS0
04\node_modules\next\
dist\compiled\neo-asy
nc\async.js:1:14444)
    at done 
(C:\Users\Sapt Dubey\
Documents\GitHub\IIS0
04\node_modules\next\
dist\compiled\neo-asy
nc\async.js:1:14824)
    at Hook.eval [as 
callAsync] (eval at 
create 
(C:\Users\Sapt Dubey\
Documents\GitHub\IIS0
04\node_modules\next\
dist\compiled\webpack
\bundle5.js:13:28858)
, <anonymous>:15:1)
    at Hook.CALL_ASYN
C_DELEGATE [as 
_callAsync] 
(C:\Users\Sapt Dubey\
Documents\GitHub\IIS0
04\node_modules\next\
dist\compiled\webpack
\bundle5.js:13:26012)
    at C:\Users\Sapt 
Dubey\Documents\GitHu
b\IIS004\node_modules
\next\dist\compiled\w
ebpack\bundle5.js:28:
130328
    at 
symbolIterator 
(C:\Users\Sapt Dubey\
Documents\GitHub\IIS0
04\node_modules\next\
dist\compiled\neo-asy
nc\async.js:1:14402)
-- inner error --
Syntax error: 
tailwindcss: 
C:\Users\Sapt Dubey\D
ocuments\GitHub\IIS00
4\app\globals.css 
Cannot apply unknown 
utility class 
`gradient-text` (1:1)

[1m[31m>[39m[22m
[90m 1 | [39m[36m@i
mport[39m [32m"tail
windcss"[39m[33m;[
39m
 [90m   | [39m[1m
[31m^[39m[22m
 [90m 2 | [39m
 [90m 3 | [39m[36m
@plugin[39m 
[32m"daisyui"[39m 
[33m{[39m

    at 
Object.<anonymous> 
(C:\Users\Sapt Dubey\
Documents\GitHub\IIS0
04\node_modules\next\
dist\build\webpack\lo
aders\css-loader\src\
index.js??ruleSet[1].
rules[13].oneOf[10].u
se[2]!C:\Users\Sapt D
ubey\Documents\GitHub
\IIS004\node_modules\
next\dist\build\webpa
ck\loaders\postcss-lo
ader\src\index.js??ru
leSet[1].rules[13].on
eOf[10].use[3]!C:\Use
rs\Sapt Dubey\Documen
ts\GitHub\IIS004\app\
globals.css:1:7)
    at C:\Users\Sapt 
Dubey\Documents\GitHu
b\IIS004\node_modules
\next\dist\compiled\w
ebpack\bundle5.js:28:
922602
    at Hook.eval [as 
call] (eval at 
create 
(C:\Users\Sapt Dubey\
Documents\GitHub\IIS0
04\node_modules\next\
dist\compiled\webpack
\bundle5.js:13:28636)
, <anonymous>:7:1)
    at 
Hook.CALL_DELEGATE 
[as _call] 
(C:\Users\Sapt Dubey\
Documents\GitHub\IIS0
04\node_modules\next\
dist\compiled\webpack
\bundle5.js:13:25906)
    at C:\Users\Sapt 
Dubey\Documents\GitHu
b\IIS004\node_modules
\next\dist\compiled\w
ebpack\bundle5.js:28:
131198
    at 
tryRunOrWebpackError 
(C:\Users\Sapt Dubey\
Documents\GitHub\IIS0
04\node_modules\next\
dist\compiled\webpack
\bundle5.js:28:312964
)
    at __webpack_requ
ire_module__ 
(C:\Users\Sapt Dubey\
Documents\GitHub\IIS0
04\node_modules\next\
dist\compiled\webpack
\bundle5.js:28:131165
)
    at __nested_webpa
ck_require_153728__ 
(C:\Users\Sapt Dubey\
Documents\GitHub\IIS0
04\node_modules\next\
dist\compiled\webpack
\bundle5.js:28:130607
)
    at C:\Users\Sapt 
Dubey\Documents\GitHu
b\IIS004\node_modules
\next\dist\compiled\w
ebpack\bundle5.js:28:
131454
    at 
symbolIterator 
(C:\Users\Sapt Dubey\
Documents\GitHub\IIS0
04\node_modules\next\
dist\compiled\neo-asy
nc\async.js:1:14444)

Generated code for 
C:\Users\Sapt Dubey\D
ocuments\GitHub\IIS00
4\node_modules\next\d
ist\build\webpack\loa
ders\css-loader\src\i
ndex.js??ruleSet[1].r
ules[13].oneOf[10].us
e[2]!C:\Users\Sapt Du
bey\Documents\GitHub\
IIS004\node_modules\n
ext\dist\build\webpac
k\loaders\postcss-loa
der\src\index.js??rul
eSet[1].rules[13].one
Of[10].use[3]!C:\User
s\Sapt Dubey\Document
s\GitHub\IIS004\app\g
lobals.css

Import trace for 
requested module:
./app/globals.css


> Build failed 
because of webpack 
errors
